###############################################################################
#
# IAR ELF Linker V9.10.2.313/W64 for ARM                  28/Nov/2021  11:53:33
# Copyright 2007-2021 IAR Systems AB.
#
#    Output file  =
#        D:\Senior 1 - semester 1\CSE211 - Introduction to Embedded
#        Systems\Labs_Embedded\Debug\Exe\Labs_Embedded.out
#    Map file     =
#        D:\Senior 1 - semester 1\CSE211 - Introduction to Embedded
#        Systems\Labs_Embedded\Debug\List\Labs_Embedded.map
#    Command line =
#        -f "D:\Senior 1 - semester 1\CSE211 - Introduction to Embedded
#        Systems\Labs_Embedded\Debug\Exe\Labs_Embedded.out.rsp" ("D:\Senior 1 -
#        semester 1\CSE211 - Introduction to Embedded
#        Systems\Labs_Embedded\Debug\Obj\DIO.o" "D:\Senior 1 - semester
#        1\CSE211 - Introduction to Embedded
#        Systems\Labs_Embedded\Debug\Obj\main.o" --no_out_extension -o
#        "D:\Senior 1 - semester 1\CSE211 - Introduction to Embedded
#        Systems\Labs_Embedded\Debug\Exe\Labs_Embedded.out" --redirect
#        _Printf=_PrintfFullNoMb --redirect _Scanf=_ScanfFullNoMb --map
#        "D:\Senior 1 - semester 1\CSE211 - Introduction to Embedded
#        Systems\Labs_Embedded\Debug\List\Labs_Embedded.map" --config
#        D:\arm\config\linker\TexasInstruments\TM4C123GH6.icf --semihosting
#        C:\ti\TivaWare_C_Series-2.2.0.295\driverlib\ewarm\Exe\driverlib.a
#        --entry __iar_program_start --vfe --text_out locale)
#
###############################################################################

*******************************************************************************
*** MESSAGES
***

Warning[Lt009]: Inconsistent wchar_t size
            gpio.o(driverlib.a) and 3 other objects in driverlib.a have wchar_t
                      size 16 bits
            DIO.o and 15 other objects, some of them in shb_l.a and 13 other
                      libraries have wchar_t size 32 bits


*******************************************************************************
*** RUNTIME MODEL ATTRIBUTES
***

CppFlavor       = *
__SystemLibrary = DLib
__dlib_version  = 6


*******************************************************************************
*** HEAP SELECTION
***

The basic heap was selected because some modules are built with
size limitations (and not runtime checking), and --advanced_heap
was not specified.


*******************************************************************************
*** PLACEMENT SUMMARY
***

"A0":  place at address 0x0 { ro section .intvec };
"P1":  place in [from 0x0 to 0x3'ffff] { ro };
define block CSTACK with size = 4K, alignment = 8 { };
define block HEAP with size = 8K, alignment = 8 { };
"P2":  place in [from 0x2000'0000 to 0x2000'7fff] {
          rw, block CSTACK, block HEAP };

No sections matched the following patterns:

  rw  in "P2"


  Section   Kind         Address    Size  Object
  -------   ----         -------    ----  ------
"A0":                               0x40
  .intvec   ro code          0x0    0x40  vector_table_M.o [5]
                          - 0x40    0x40

"P1":                              0x5dc
  .text     ro code         0x40   0x314  main.o [1]
  .text     ro code        0x354     0xa  clock.o [6]
  .text     ro code        0x35e     0x2  vectortrap_M.o [5]
  .text     ro code        0x360    0x44  sysctl.o [3]
  .text     ro code        0x3a4   0x1f0  gpio.o [3]
  .text     ro code        0x594    0x22  fpinit_M.o [4]
  .text     ro code        0x5b8    0x1e  cmain.o [5]
  .text     ro code        0x5d6     0x4  low_level_init.o [2]
  .text     ro code        0x5da     0x4  exit.o [2]
  .text     ro code        0x5e0     0xa  cexit.o [5]
  .text     ro code        0x5ec    0x14  exit.o [6]
  .text     ro code        0x600    0x1c  cstartup_M.o [5]
                         - 0x61c   0x5dc

"P2":                             0x1000
  CSTACK             0x2000'0000  0x1000  <Block>
    CSTACK  uninit   0x2000'0000  0x1000  <Block tail>
                   - 0x2000'1000  0x1000

Unused ranges:

         From           To      Size
         ----           --      ----
        0x61c     0x3'ffff  0x3'f9e4
  0x2000'1000  0x2000'7fff    0x7000



*******************************************************************************
*** MODULE SUMMARY
***

    Module            ro code  rw data
    ------            -------  -------
command line/config:
    ----------------------------------
    Total:

D:\Senior 1 - semester 1\CSE211 - Introduction to Embedded Systems\Labs_Embedded\Debug\Obj: [1]
    main.o                788
    ----------------------------------
    Total:                788

dl7M_tln.a: [2]
    exit.o                  4
    low_level_init.o        4
    ----------------------------------
    Total:                  8

driverlib.a: [3]
    gpio.o                496
    sysctl.o               68
    ----------------------------------
    Total:                564

m7M_tls.a: [4]
    fpinit_M.o             34
    ----------------------------------
    Total:                 34

rt7M_tl.a: [5]
    cexit.o                10
    cmain.o                30
    cstartup_M.o           28
    vector_table_M.o       64
    vectortrap_M.o          2
    ----------------------------------
    Total:                134

shb_l.a: [6]
    clock.o                10
    exit.o                 20
    ----------------------------------
    Total:                 30

    Gaps                    6
    Linker created               4'096
--------------------------------------
    Grand Total:        1'564    4'096


*******************************************************************************
*** ENTRY LIST
***

Entry                       Address   Size  Type      Object
-----                       -------   ----  ----      ------
?main                         0x5b9         Code  Gb  cmain.o [5]
BusFault_Handler              0x35f         Code  Wk  vectortrap_M.o [5]
CSTACK$$Base            0x2000'0000          --   Gb  - Linker created -
CSTACK$$Limit           0x2000'1000          --   Gb  - Linker created -
DebugMon_Handler              0x35f         Code  Wk  vectortrap_M.o [5]
GPIODirModeSet                0x3a5   0x28  Code  Gb  gpio.o [3]
GPIOPadConfigSet              0x3cd  0x174  Code  Gb  gpio.o [3]
GPIOPinRead                   0x541    0x6  Code  Gb  gpio.o [3]
GPIOPinTypeGPIOInput          0x551   0x14  Code  Gb  gpio.o [3]
GPIOPinTypeGPIOOutput         0x565    0xa  Code  Gb  gpio.o [3]
GPIOPinWrite                  0x547    0x6  Code  Gb  gpio.o [3]
HardFault_Handler             0x35f         Code  Wk  vectortrap_M.o [5]
MemManage_Handler             0x35f         Code  Wk  vectortrap_M.o [5]
NMI_Handler                   0x35f         Code  Wk  vectortrap_M.o [5]
PendSV_Handler                0x35f         Code  Wk  vectortrap_M.o [5]
Region$$Table$$Base             0x0          --   Gb  - Linker created -
Region$$Table$$Limit            0x0          --   Gb  - Linker created -
SVC_Handler                   0x35f         Code  Wk  vectortrap_M.o [5]
SysCtlPeripheralEnable        0x381    0x8  Code  Gb  sysctl.o [3]
SysCtlPeripheralReady         0x361    0x8  Code  Gb  sysctl.o [3]
SysTick_Handler               0x35f         Code  Wk  vectortrap_M.o [5]
UsageFault_Handler            0x35f         Code  Wk  vectortrap_M.o [5]
__cmain                       0x5b9         Code  Gb  cmain.o [5]
__exit                        0x5ed   0x14  Code  Gb  exit.o [6]
__iar_init_vfp                0x595         Code  Gb  fpinit_M.o [4]
__iar_program_start           0x601         Code  Gb  cstartup_M.o [5]
__low_level_init              0x5d7    0x4  Code  Gb  low_level_init.o [2]
__vector_table                  0x0         Data  Gb  vector_table_M.o [5]
_call_main                    0x5c5         Code  Gb  cmain.o [5]
_exit                         0x5e1         Code  Gb  cexit.o [5]
clock                         0x355    0xa  Code  Gb  clock.o [6]
delay                          0x41   0x3a  Code  Gb  main.o [1]
exit                          0x5db    0x4  Code  Gb  exit.o [2]
main                           0x7d  0x2b8  Code  Gb  main.o [1]


[1] = D:\Senior 1 - semester 1\CSE211 - Introduction to Embedded Systems\Labs_Embedded\Debug\Obj
[2] = dl7M_tln.a
[3] = driverlib.a
[4] = m7M_tls.a
[5] = rt7M_tl.a
[6] = shb_l.a

  1'564 bytes of readonly  code memory
  4'096 bytes of readwrite data memory

Errors: none
Warnings: 1
